============================= test session starts =============================
platform win32 -- Python 3.14.3, pytest-9.0.2, pluggy-1.6.0 -- C:\Users\Gadouri\AppData\Local\Python\pythoncore-3.14-64\python.exe
cachedir: .pytest_cache
hypothesis profile 'default'
rootdir: C:\Users\Gadouri\Desktop\New folder (2)\phantom
configfile: pyproject.toml
plugins: anyio-4.12.1, Faker-40.8.0, hypothesis-6.151.9, asyncio-1.3.0, cov-7.0.0, timeout-2.4.0
asyncio: mode=Mode.AUTO, debug=False, asyncio_default_fixture_loop_scope=None, asyncio_default_test_loop_scope=function
timeout: 60.0s
timeout method: thread
timeout func_only: False
collecting ... collected 188 items

phantom/tests/test_adversarial_remediation.py::test_sandbox_fail_closed PASSED [  0%]
phantom/tests/test_adversarial_remediation.py::test_ghost_components_purged PASSED [  1%]
phantom/tests/test_adversarial_remediation.py::test_memory_compressor_json_payloads PASSED [  1%]
phantom/tests/test_adversarial_remediation.py::test_agent_error_fallback PASSED [  2%]
phantom/tests/test_hostile_audit.py::TestDetectionNoise::test_id_parameter_not_automatic_idor PASSED [  2%]
phantom/tests/test_hostile_audit.py::TestDetectionNoise::test_root_string_in_response_not_lfi PASSED [  3%]
phantom/tests/test_hostile_audit.py::TestDetectionNoise::test_script_tag_in_json_response PASSED [  3%]
phantom/tests/test_hostile_audit.py::TestDetectionNoise::test_script_tag_in_textarea PASSED [  4%]
phantom/tests/test_hostile_audit.py::TestDetectionNoise::test_sql_keyword_in_error_message_not_sqli PASSED [  4%]
phantom/tests/test_hostile_audit.py::TestValidationBypass::test_rce_with_benign_command_output PASSED [  5%]
phantom/tests/test_hostile_audit.py::TestValidationBypass::test_sqli_without_data_extraction PASSED [  5%]
phantom/tests/test_hostile_audit.py::TestValidationBypass::test_timing_difference_not_blind_sqli_proof PASSED [  6%]
phantom/tests/test_hostile_audit.py::TestEvidenceIntegrity::test_likely_without_poc_rejected PASSED [  6%]
phantom/tests/test_hostile_audit.py::TestEvidenceIntegrity::test_short_technical_analysis_rejected PASSED [  7%]
phantom/tests/test_hostile_audit.py::TestEvidenceIntegrity::test_vague_evidence_rejected_for_suspected PASSED [  7%]
phantom/tests/test_hostile_audit.py::TestEvidenceIntegrity::test_verified_without_poc_rejected PASSED [  8%]
phantom/tests/test_hostile_audit.py::TestHypothesisManipulation::test_confirmation_without_strong_indicators_tagged PASSED [  9%]
phantom/tests/test_hostile_audit.py::TestHypothesisManipulation::test_weak_confirmation_evidence_tagged PASSED [  9%]
phantom/tests/test_hostile_audit.py::TestReasoningLoop::test_signal_not_mandatory_report PASSED [ 10%]
phantom/tests/test_hostile_audit.py::TestContextUnderstanding::test_html_entity_encoded_not_xss PASSED [ 10%]
phantom/tests/test_hostile_audit.py::TestContextUnderstanding::test_script_in_json_not_xss PASSED [ 11%]
phantom/tests/test_hostile_audit.py::TestSystemPromptEnforcement::test_forbidden_words_in_prompt PASSED [ 11%]
phantom/tests/test_hostile_audit.py::TestSystemPromptEnforcement::test_proof_requirement_in_prompt PASSED [ 12%]
phantom/tests/test_p7_p8_elite.py::test_p7_map_cve_to_vuln_class PASSED  [ 12%]
phantom/tests/test_p7_p8_elite.py::test_p7_generate_attack_surfaces PASSED [ 13%]
phantom/tests/test_p7_p8_elite.py::test_p7_generate_recommended_payloads PASSED [ 13%]
phantom/tests/test_p7_p8_elite.py::test_p7_auto_queue_cve_exploits_no_versions PASSED [ 14%]
phantom/tests/test_p7_p8_elite.py::test_p7_auto_queue_cve_exploits_mock PASSED [ 14%]
phantom/tests/test_p7_p8_elite.py::test_p7_enrich_hypothesis_with_cve_mock PASSED [ 15%]
phantom/tests/test_p7_p8_elite.py::test_p7_get_cve_exploitation_status PASSED [ 15%]
phantom/tests/test_p7_p8_elite.py::test_p8_map_vuln_to_owasp PASSED      [ 16%]
phantom/tests/test_p7_p8_elite.py::test_p8_map_vuln_to_cwe PASSED        [ 17%]
phantom/tests/test_p7_p8_elite.py::test_p8_generate_executive_summary PASSED [ 17%]
phantom/tests/test_p7_p8_elite.py::test_p8_generate_business_impact PASSED [ 18%]
phantom/tests/test_p7_p8_elite.py::test_p8_generate_remediation_timeline PASSED [ 18%]
phantom/tests/test_p7_p8_elite.py::test_p8_create_elite_report PASSED    [ 19%]
phantom/tests/test_p7_p8_elite.py::test_p8_create_elite_report_with_attack_chain PASSED [ 19%]
phantom/tests/test_p7_p8_elite.py::test_p8_export_elite_report PASSED    [ 20%]
phantom/tests/test_p7_p8_elite.py::test_p8_html_report_styling PASSED    [ 20%]
phantom/tests/test_p7_p8_elite.py::test_p8_markdown_report_structure PASSED [ 21%]
phantom/tests/test_p7_p8_elite.py::test_p7_p8_full_integration PASSED    [ 21%]
phantom/tests/test_phase1_tools.py::TestToolRegistration::test_osint_tools_registered PASSED [ 22%]
phantom/tests/test_phase1_tools.py::TestToolRegistration::test_sandbox_execution_disabled PASSED [ 22%]
phantom/tests/test_phase1_tools.py::TestToolRegistration::test_vuln_intel_tools_registered PASSED [ 23%]
phantom/tests/test_phase1_tools.py::TestToolRegistration::test_waf_tools_registered PASSED [ 23%]
phantom/tests/test_phase1_tools.py::TestOSINTTools::test_crtsh_search_domain_validation PASSED [ 24%]
phantom/tests/test_phase1_tools.py::TestOSINTTools::test_crtsh_search_url_normalization PASSED [ 25%]
phantom/tests/test_phase1_tools.py::TestOSINTTools::test_dns_enum_valid_domain +++++++++++++++++++++++++++++++++++ Timeout +++++++++++++++++++++++++++++++++++
~~~~~~~~~~~~~~~~~~~~~~~~~ Stack of asyncio_0 (29772) ~~~~~~~~~~~~~~~~~~~~~~~~~~
  File "C:\Users\Gadouri\AppData\Local\Python\pythoncore-3.14-64\Lib\threading.py", line 1044, in _bootstrap
    self._bootstrap_inner()
  File "C:\Users\Gadouri\AppData\Local\Python\pythoncore-3.14-64\Lib\threading.py", line 1082, in _bootstrap_inner
    self._context.run(self.run)
  File "C:\Users\Gadouri\AppData\Local\Python\pythoncore-3.14-64\Lib\threading.py", line 1024, in run
    self._target(*self._args, **self._kwargs)
  File "C:\Users\Gadouri\AppData\Local\Python\pythoncore-3.14-64\Lib\concurrent\futures\thread.py", line 116, in _worker
    work_item = work_queue.get(block=True)
~~~~~~~~~~~~~~~~~~~~~~~~~ Stack of MainThread (30460) ~~~~~~~~~~~~~~~~~~~~~~~~~
  File "<frozen runpy>", line 198, in _run_module_as_main
  File "<frozen runpy>", line 88, in _run_code
  File "C:\Users\Gadouri\AppData\Local\Python\pythoncore-3.14-64\Scripts\pytest.exe\__main__.py", line 6, in <module>
    sys.exit(console_main())
  File "C:\Users\Gadouri\AppData\Local\Python\pythoncore-3.14-64\Lib\site-packages\_pytest\config\__init__.py", line 223, in console_main
    code = main()
  File "C:\Users\Gadouri\AppData\Local\Python\pythoncore-3.14-64\Lib\site-packages\_pytest\config\__init__.py", line 199, in main
    ret: ExitCode | int = config.hook.pytest_cmdline_main(config=config)
  File "C:\Users\Gadouri\AppData\Local\Python\pythoncore-3.14-64\Lib\site-packages\pluggy\_hooks.py", line 512, in __call__
    return self._hookexec(self.name, self._hookimpls.copy(), kwargs, firstresult)
  File "C:\Users\Gadouri\AppData\Local\Python\pythoncore-3.14-64\Lib\site-packages\pluggy\_manager.py", line 120, in _hookexec
    return self._inner_hookexec(hook_name, methods, kwargs, firstresult)
  File "C:\Users\Gadouri\AppData\Local\Python\pythoncore-3.14-64\Lib\site-packages\pluggy\_callers.py", line 121, in _multicall
    res = hook_impl.function(*args)
  File "C:\Users\Gadouri\AppData\Local\Python\pythoncore-3.14-64\Lib\site-packages\_pytest\main.py", line 365, in pytest_cmdline_main
    return wrap_session(config, _main)
  File "C:\Users\Gadouri\AppData\Local\Python\pythoncore-3.14-64\Lib\site-packages\_pytest\main.py", line 318, in wrap_session
    session.exitstatus = doit(config, session) or 0
  File "C:\Users\Gadouri\AppData\Local\Python\pythoncore-3.14-64\Lib\site-packages\_pytest\main.py", line 372, in _main
    config.hook.pytest_runtestloop(session=session)
  File "C:\Users\Gadouri\AppData\Local\Python\pythoncore-3.14-64\Lib\site-packages\pluggy\_hooks.py", line 512, in __call__
    return self._hookexec(self.name, self._hookimpls.copy(), kwargs, firstresult)
  File "C:\Users\Gadouri\AppData\Local\Python\pythoncore-3.14-64\Lib\site-packages\pluggy\_manager.py", line 120, in _hookexec
    return self._inner_hookexec(hook_name, methods, kwargs, firstresult)
  File "C:\Users\Gadouri\AppData\Local\Python\pythoncore-3.14-64\Lib\site-packages\pluggy\_callers.py", line 121, in _multicall
    res = hook_impl.function(*args)
  File "C:\Users\Gadouri\AppData\Local\Python\pythoncore-3.14-64\Lib\site-packages\_pytest\main.py", line 396, in pytest_runtestloop
    item.config.hook.pytest_runtest_protocol(item=item, nextitem=nextitem)
  File "C:\Users\Gadouri\AppData\Local\Python\pythoncore-3.14-64\Lib\site-packages\pluggy\_hooks.py", line 512, in __call__
    return self._hookexec(self.name, self._hookimpls.copy(), kwargs, firstresult)
  File "C:\Users\Gadouri\AppData\Local\Python\pythoncore-3.14-64\Lib\site-packages\pluggy\_manager.py", line 120, in _hookexec
    return self._inner_hookexec(hook_name, methods, kwargs, firstresult)
  File "C:\Users\Gadouri\AppData\Local\Python\pythoncore-3.14-64\Lib\site-packages\pluggy\_callers.py", line 121, in _multicall
    res = hook_impl.function(*args)
  File "C:\Users\Gadouri\AppData\Local\Python\pythoncore-3.14-64\Lib\site-packages\_pytest\runner.py", line 118, in pytest_runtest_protocol
    runtestprotocol(item, nextitem=nextitem)
  File "C:\Users\Gadouri\AppData\Local\Python\pythoncore-3.14-64\Lib\site-packages\_pytest\runner.py", line 137, in runtestprotocol
    reports.append(call_and_report(item, "call", log))
  File "C:\Users\Gadouri\AppData\Local\Python\pythoncore-3.14-64\Lib\site-packages\_pytest\runner.py", line 244, in call_and_report
    call = CallInfo.from_call(
  File "C:\Users\Gadouri\AppData\Local\Python\pythoncore-3.14-64\Lib\site-packages\_pytest\runner.py", line 353, in from_call
    result: TResult | None = func()
  File "C:\Users\Gadouri\AppData\Local\Python\pythoncore-3.14-64\Lib\site-packages\_pytest\runner.py", line 245, in <lambda>
    lambda: runtest_hook(item=item, **kwds),
  File "C:\Users\Gadouri\AppData\Local\Python\pythoncore-3.14-64\Lib\site-packages\pluggy\_hooks.py", line 512, in __call__
    return self._hookexec(self.name, self._hookimpls.copy(), kwargs, firstresult)
  File "C:\Users\Gadouri\AppData\Local\Python\pythoncore-3.14-64\Lib\site-packages\pluggy\_manager.py", line 120, in _hookexec
    return self._inner_hookexec(hook_name, methods, kwargs, firstresult)
  File "C:\Users\Gadouri\AppData\Local\Python\pythoncore-3.14-64\Lib\site-packages\pluggy\_callers.py", line 121, in _multicall
    res = hook_impl.function(*args)
  File "C:\Users\Gadouri\AppData\Local\Python\pythoncore-3.14-64\Lib\site-packages\_pytest\runner.py", line 179, in pytest_runtest_call
    item.runtest()
  File "C:\Users\Gadouri\AppData\Local\Python\pythoncore-3.14-64\Lib\site-packages\_pytest\unittest.py", line 389, in runtest
    testcase(result=self)
  File "C:\Users\Gadouri\AppData\Local\Python\pythoncore-3.14-64\Lib\unittest\case.py", line 725, in __call__
    return self.run(*args, **kwds)
  File "C:\Users\Gadouri\AppData\Local\Python\pythoncore-3.14-64\Lib\unittest\case.py", line 669, in run
    self._callTestMethod(testMethod)
  File "C:\Users\Gadouri\AppData\Local\Python\pythoncore-3.14-64\Lib\unittest\case.py", line 615, in _callTestMethod
    result = method()
  File "C:\Users\Gadouri\Desktop\New folder (2)\phantom\phantom\tests\test_phase1_tools.py", line 151, in test_dns_enum_valid_domain
    result = asyncio.run(dns_enum("google.com", ["A"]))
  File "C:\Users\Gadouri\AppData\Local\Python\pythoncore-3.14-64\Lib\asyncio\runners.py", line 204, in run
    return runner.run(main)
  File "C:\Users\Gadouri\AppData\Local\Python\pythoncore-3.14-64\Lib\asyncio\runners.py", line 127, in run
    return self._loop.run_until_complete(task)
  File "C:\Users\Gadouri\AppData\Local\Python\pythoncore-3.14-64\Lib\asyncio\base_events.py", line 706, in run_until_complete
    self.run_forever()
  File "C:\Users\Gadouri\AppData\Local\Python\pythoncore-3.14-64\Lib\asyncio\base_events.py", line 677, in run_forever
    self._run_once()
  File "C:\Users\Gadouri\AppData\Local\Python\pythoncore-3.14-64\Lib\asyncio\base_events.py", line 2008, in _run_once
    event_list = self._selector.select(timeout)
  File "C:\Users\Gadouri\AppData\Local\Python\pythoncore-3.14-64\Lib\asyncio\windows_events.py", line 446, in select
    self._poll(timeout)
  File "C:\Users\Gadouri\AppData\Local\Python\pythoncore-3.14-64\Lib\asyncio\windows_events.py", line 775, in _poll
    status = _overlapped.GetQueuedCompletionStatus(self._iocp, ms)
+++++++++++++++++++++++++++++++++++ Timeout +++++++++++++++++++++++++++++++++++
